This is pdfTeX, Version 3.141592653-2.6-1.40.28 (MiKTeX 25.12) (preloaded format=pdflatex 2026.8.20)  21 AUG 2026 13:49
entering extended mode
 restricted \write18 enabled.
 file:line:error style messages enabled.
 %&-line parsing enabled.
**"c:/Users/mateo/Desktop/polymath/joint training experiments/algorithms/result
s.tex"

(c:/Users/mateo/Desktop/polymath/joint training experiments/algorithms/results.
tex
LaTeX2e <2025-11-01>
L3 programming layer <2025-12-24>
(C:\Users\mateo\AppData\Local\Programs\MiKTeX\tex/latex/base\article.cls
Document Class: article 2025/01/22 v1.4n Standard LaTeX document class
(C:\Users\mateo\AppData\Local\Programs\MiKTeX\tex/latex/base\size10.clo
File: size10.clo 2025/01/22 v1.4n Standard LaTeX file (size option)
)
\c@part=\count275
\c@section=\count276
\c@subsection=\count277
\c@subsubsection=\count278
\c@paragraph=\count279
\c@subparagraph=\count280
\c@figure=\count281
\c@table=\count282
\abovecaptionskip=\skip49
\belowcaptionskip=\skip50
\bibindent=\dimen148
)
(C:\Users\mateo\AppData\Local\Programs\MiKTeX\tex/latex/geometry\geometry.sty
Package: geometry 2026/03/07 v6.0 Page Geometry

(C:\Users\mateo\AppData\Local\Programs\MiKTeX\tex/latex/graphics\keyval.sty
Package: keyval 2022/05/29 v1.15 key=value parser (DPC)
\KV@toks@=\toks17
)
(C:\Users\mateo\AppData\Local\Programs\MiKTeX\tex/generic/iftex\ifvtex.sty
Package: ifvtex 2019/10/25 v1.7 ifvtex legacy package. Use iftex instead.

(C:\Users\mateo\AppData\Local\Programs\MiKTeX\tex/generic/iftex\iftex.sty
Package: iftex 2024/12/12 v1.0g TeX engine tests
))
\Gm@cnth=\count283
\Gm@cntv=\count284
\c@Gm@tempcnt=\count285
\Gm@bindingoffset=\dimen149
\Gm@wd@mp=\dimen150
\Gm@odd@mp=\dimen151
\Gm@even@mp=\dimen152
\Gm@layoutwidth=\dimen153
\Gm@layoutheight=\dimen154
\Gm@layouthoffset=\dimen155
\Gm@layoutvoffset=\dimen156
\Gm@dimlist=\toks18

(C:\Users\mateo\AppData\Local\Programs\MiKTeX\tex/latex/geometry\geometry.cfg))
(C:\Users\mateo\AppData\Local\Programs\MiKTeX\tex/latex/amsmath\amsmath.sty
Package: amsmath 2025/07/09 v2.17z AMS math features
\@mathmargin=\skip51

For additional information on amsmath, use the `?' option.
(C:\Users\mateo\AppData\Local\Programs\MiKTeX\tex/latex/amsmath\amstext.sty
Package: amstext 2024/11/17 v2.01 AMS text

(C:\Users\mateo\AppData\Local\Programs\MiKTeX\tex/latex/amsmath\amsgen.sty
File: amsgen.sty 1999/11/30 v2.0 generic functions
\@emptytoks=\toks19
\ex@=\dimen157
))
(C:\Users\mateo\AppData\Local\Programs\MiKTeX\tex/latex/amsmath\amsbsy.sty
Package: amsbsy 1999/11/29 v1.2d Bold Symbols
\pmbraise@=\dimen158
)
(C:\Users\mateo\AppData\Local\Programs\MiKTeX\tex/latex/amsmath\amsopn.sty
Package: amsopn 2022/04/08 v2.04 operator names
)
\inf@bad=\count286
LaTeX Info: Redefining \frac on input line 233.
\uproot@=\count287
\leftroot@=\count288
LaTeX Info: Redefining \overline on input line 398.
LaTeX Info: Redefining \colon on input line 409.
\classnum@=\count289
\DOTSCASE@=\count290
LaTeX Info: Redefining \ldots on input line 495.
LaTeX Info: Redefining \dots on input line 498.
LaTeX Info: Redefining \cdots on input line 619.
\Mathstrutbox@=\box53
\strutbox@=\box54
LaTeX Info: Redefining \big on input line 721.
LaTeX Info: Redefining \Big on input line 722.
LaTeX Info: Redefining \bigg on input line 723.
LaTeX Info: Redefining \Bigg on input line 724.
\big@size=\dimen159
LaTeX Font Info:    Redeclaring font encoding OML on input line 742.
LaTeX Font Info:    Redeclaring font encoding OMS on input line 743.
\macc@depth=\count291
LaTeX Info: Redefining \bmod on input line 904.
LaTeX Info: Redefining \pmod on input line 909.
LaTeX Info: Redefining \smash on input line 939.
LaTeX Info: Redefining \relbar on input line 969.
LaTeX Info: Redefining \Relbar on input line 970.
\c@MaxMatrixCols=\count292
\dotsspace@=\muskip17
\c@parentequation=\count293
\dspbrk@lvl=\count294
\tag@help=\toks20
\row@=\count295
\column@=\count296
\maxfields@=\count297
\andhelp@=\toks21
\eqnshift@=\dimen160
\alignsep@=\dimen161
\tagshift@=\dimen162
\tagwidth@=\dimen163
\totwidth@=\dimen164
\lineht@=\dimen165
\@envbody=\toks22
\multlinegap=\skip52
\multlinetaggap=\skip53
\mathdisplay@stack=\toks23
LaTeX Info: Redefining \[ on input line 2950.
LaTeX Info: Redefining \] on input line 2951.
)
(C:\Users\mateo\AppData\Local\Programs\MiKTeX\tex/latex/amsfonts\amssymb.sty
Package: amssymb 2013/01/14 v3.01 AMS font symbols

(C:\Users\mateo\AppData\Local\Programs\MiKTeX\tex/latex/amsfonts\amsfonts.sty
Package: amsfonts 2013/01/14 v3.01 Basic AMSFonts support
\symAMSa=\mathgroup4
\symAMSb=\mathgroup5
LaTeX Font Info:    Redeclaring math symbol \hbar on input line 98.
LaTeX Font Info:    Overwriting math alphabet `\mathfrak' in version `bold'
(Font)                  U/euf/m/n --> U/euf/b/n on input line 106.
)) (C:\Users\mateo\AppData\Local\Programs\MiKTeX\tex/latex/graphics\graphicx.st
y
Package: graphicx 2024/12/31 v1.2e Enhanced LaTeX Graphics (DPC,SPQR)

(C:\Users\mateo\AppData\Local\Programs\MiKTeX\tex/latex/graphics\graphics.sty
Package: graphics 2024/08/06 v1.4g Standard LaTeX Graphics (DPC,SPQR)

(C:\Users\mateo\AppData\Local\Programs\MiKTeX\tex/latex/graphics\trig.sty
Package: trig 2023/12/02 v1.11 sin cos tan (DPC)
)
(C:\Users\mateo\AppData\Local\Programs\MiKTeX\tex/latex/graphics-cfg\graphics.c
fg
File: graphics.cfg 2016/06/04 v1.11 sample graphics configuration
)
Package graphics Info: Driver file: pdftex.def on input line 106.

(C:\Users\mateo\AppData\Local\Programs\MiKTeX\tex/latex/graphics-def\pdftex.def
File: pdftex.def 2025/09/29 v1.2d Graphics/color driver for pdftex
))
\Gin@req@height=\dimen166
\Gin@req@width=\dimen167
)
(C:\Users\mateo\AppData\Local\Programs\MiKTeX\tex/latex/l3backend\l3backend-pdf
tex.def
File: l3backend-pdftex.def 2025-10-09 L3 backend support: PDF output (pdfTeX)
\l__color_backend_stack_int=\count298
) (results.aux)
\openout1 = `results.aux'.

LaTeX Font Info:    Checking defaults for OML/cmm/m/it on input line 15.
LaTeX Font Info:    ... okay on input line 15.
LaTeX Font Info:    Checking defaults for OMS/cmsy/m/n on input line 15.
LaTeX Font Info:    ... okay on input line 15.
LaTeX Font Info:    Checking defaults for OT1/cmr/m/n on input line 15.
LaTeX Font Info:    ... okay on input line 15.
LaTeX Font Info:    Checking defaults for T1/cmr/m/n on input line 15.
LaTeX Font Info:    ... okay on input line 15.
LaTeX Font Info:    Checking defaults for TS1/cmr/m/n on input line 15.
LaTeX Font Info:    ... okay on input line 15.
LaTeX Font Info:    Checking defaults for OMX/cmex/m/n on input line 15.
LaTeX Font Info:    ... okay on input line 15.
LaTeX Font Info:    Checking defaults for U/cmr/m/n on input line 15.
LaTeX Font Info:    ... okay on input line 15.

*geometry* driver: auto-detecting
*geometry* detected driver: pdftex
*geometry* verbose mode - [ preamble ] result:
* driver: pdftex
* paper: <default>
* layout: <same size as paper>
* layoutoffset:(h,v)=(0.0pt,0.0pt)
* modes: 
* h-part:(L,W,R)=(46.97505pt, 520.3449pt, 46.97505pt)
* v-part:(T,H,B)=(46.97505pt, 701.01988pt, 46.97505pt)
* \paperwidth=614.295pt
* \paperheight=794.96999pt
* \textwidth=520.3449pt
* \textheight=701.01988pt
* \oddsidemargin=-25.29494pt
* \evensidemargin=-25.29494pt
* \topmargin=-62.29494pt
* \headheight=12.0pt
* \headsep=25.0pt
* \topskip=10.0pt
* \footskip=30.0pt
* \marginparwidth=65.0pt
* \marginparsep=11.0pt
* \columnsep=10.0pt
* \skip\footins=9.0pt plus 4.0pt minus 2.0pt
* \hoffset=0.0pt
* \voffset=0.0pt
* \mag=1000
* \@twocolumnfalse
* \@twosidefalse
* \@mparswitchfalse
* \@reversemarginfalse
* (1in=72.27pt=25.4mm, 1cm=28.453pt)


(C:\Users\mateo\AppData\Local\Programs\MiKTeX\tex/context/base/mkii\supp-pdf.mk
ii
[Loading MPS to PDF converter (version 2006.09.02).]
\scratchcounter=\count299
\scratchdimen=\dimen168
\scratchbox=\box55
\nofMPsegments=\count300
\nofMParguments=\count301
\everyMPshowfont=\toks24
\MPscratchCnt=\count302
\MPscratchDim=\dimen169
\MPnumerator=\count303
\makeMPintoPDFobject=\count304
\everyMPtoPDFconversion=\toks25
)
(C:\Users\mateo\AppData\Local\Programs\MiKTeX\tex/latex/epstopdf-pkg\epstopdf-b
ase.sty
Package: epstopdf-base 2020-01-24 v2.11 Base part for package epstopdf
Package epstopdf-base Info: Redefining graphics rule for `.eps' on input line 4
85.

(C:\Users\mateo\AppData\Local\Programs\MiKTeX\tex/latex/00miktex\epstopdf-sys.c
fg
File: epstopdf-sys.cfg 2021/03/18 v2.0 Configuration of epstopdf for MiKTeX
))
LaTeX Font Info:    Trying to load font information for U+msa on input line 16.

 (C:\Users\mateo\AppData\Local\Programs\MiKTeX\tex/latex/amsfonts\umsa.fd
File: umsa.fd 2013/01/14 v3.01 AMS symbols A
)
LaTeX Font Info:    Trying to load font information for U+msb on input line 16.


(C:\Users\mateo\AppData\Local\Programs\MiKTeX\tex/latex/amsfonts\umsb.fd
File: umsb.fd 2013/01/14 v3.01 AMS symbols B
)
[1

{C:/Users/mateo/AppData/Local/MiKTeX/fonts/map/pdftex/pdftex.map}]
Overfull \hbox (4.41965pt too wide) in paragraph at lines 184--184
[]\OT1/cmr/m/n/7 Algorithm| 
 []


Underfull \hbox (badness 10000) in paragraph at lines 186--187
[]\OT1/cmr/m/n/7 LeakyReLU en-
 []


Underfull \hbox (badness 10000) in paragraph at lines 186--187
\OT1/cmr/m/n/7 coder/decoder,
 []


Underfull \hbox (badness 10000) in paragraph at lines 186--187
\OT1/cmr/m/n/7 SiLU gen-er-a-tor,
 []


Underfull \hbox (badness 4403) in paragraph at lines 187--187
[]\OT1/cmr/m/n/7 357,280 to-tal; VAE
 []


Underfull \hbox (badness 10000) in paragraph at lines 189--190
[]\OT1/cmr/m/n/7 LeakyReLU dis-
 []


Underfull \hbox (badness 4518) in paragraph at lines 189--190
\OT1/cmr/m/n/7 crim-i-na-tor; BCE-
 []


Underfull \hbox (badness 1158) in paragraph at lines 190--190
[]\OT1/cmr/m/n/7 25 VAE pre-train-ing epochs, then 100 joint
 []


Overfull \hbox (33.98114pt too wide) in paragraph at lines 182--193
 [][] 
 []

<results_assets/algorithm1_digits.png, id=17, 910.602pt x 302.0886pt>
File: results_assets/algorithm1_digits.png Graphic file (type png)
<use results_assets/algorithm1_digits.png>
Package pdftex.def Info: results_assets/algorithm1_digits.png  used on input li
ne 201.
(pdftex.def)             Requested size: 520.3449pt x 172.62556pt.
<results_assets/algo2_digits.png, id=19, 910.602pt x 302.0886pt>
File: results_assets/algo2_digits.png Graphic file (type png)
<use results_assets/algo2_digits.png>
Package pdftex.def Info: results_assets/algo2_digits.png  used on input line 20
3.
(pdftex.def)             Requested size: 520.3449pt x 172.62556pt.
<results_assets/algo3_digits.png, id=20, 910.602pt x 302.0886pt>
File: results_assets/algo3_digits.png Graphic file (type png)
<use results_assets/algo3_digits.png>
Package pdftex.def Info: results_assets/algo3_digits.png  used on input line 20
5.
(pdftex.def)             Requested size: 520.3449pt x 172.62556pt.
<results_assets/algo4_digits.png, id=21, 910.602pt x 302.0886pt>
File: results_assets/algo4_digits.png Graphic file (type png)
<use results_assets/algo4_digits.png>
Package pdftex.def Info: results_assets/algo4_digits.png  used on input line 20
7.
(pdftex.def)             Requested size: 520.3449pt x 172.62556pt.
<results_assets/algo5_digits.png, id=22, 910.602pt x 302.0886pt>
File: results_assets/algo5_digits.png Graphic file (type png)
<use results_assets/algo5_digits.png>
Package pdftex.def Info: results_assets/algo5_digits.png  used on input line 20
9.
(pdftex.def)             Requested size: 520.3449pt x 172.62556pt.
<results_assets/algorithm1_projection_1.png, id=23, 736.4313pt x 338.2236pt>
File: results_assets/algorithm1_projection_1.png Graphic file (type png)
<use results_assets/algorithm1_projection_1.png>
Package pdftex.def Info: results_assets/algorithm1_projection_1.png  used on in
put line 220.
(pdftex.def)             Requested size: 520.3449pt x 238.99472pt.
<results_assets/algorithm1_projection_2.png, id=24, 736.4313pt x 338.2236pt>
File: results_assets/algorithm1_projection_2.png Graphic file (type png)
<use results_assets/algorithm1_projection_2.png>
Package pdftex.def Info: results_assets/algorithm1_projection_2.png  used on in
put line 222.
(pdftex.def)             Requested size: 520.3449pt x 238.99472pt.
<results_assets/algo2_projection_1.png, id=25, 844.1136pt x 354.123pt>
File: results_assets/algo2_projection_1.png Graphic file (type png)
<use results_assets/algo2_projection_1.png>
Package pdftex.def Info: results_assets/algo2_projection_1.png  used on input l
ine 224.
(pdftex.def)             Requested size: 520.3449pt x 218.30577pt.
<results_assets/algo2_projection_2.png, id=26, 849.8952pt x 354.123pt>
File: results_assets/algo2_projection_2.png Graphic file (type png)
<use results_assets/algo2_projection_2.png>
Package pdftex.def Info: results_assets/algo2_projection_2.png  used on input l
ine 226.
(pdftex.def)             Requested size: 520.3449pt x 216.8144pt.
<results_assets/algo3_projection_1.png, id=27, 844.8363pt x 354.123pt>
File: results_assets/algo3_projection_1.png Graphic file (type png)
<use results_assets/algo3_projection_1.png>
Package pdftex.def Info: results_assets/algo3_projection_1.png  used on input l
ine 228.
(pdftex.def)             Requested size: 520.3449pt x 218.11125pt.
<results_assets/algo3_projection_2.png, id=28, 849.8952pt x 354.123pt>
File: results_assets/algo3_projection_2.png Graphic file (type png)
<use results_assets/algo3_projection_2.png>
Package pdftex.def Info: results_assets/algo3_projection_2.png  used on input l
ine 230.
(pdftex.def)             Requested size: 520.3449pt x 216.8144pt.
<results_assets/algo4_projection_1.png, id=29, 845.559pt x 354.123pt>
File: results_assets/algo4_projection_1.png Graphic file (type png)
<use results_assets/algo4_projection_1.png>
Package pdftex.def Info: results_assets/algo4_projection_1.png  used on input l
ine 232.
(pdftex.def)             Requested size: 520.3449pt x 217.93294pt.
<results_assets/algo4_projection_2.png, id=30, 850.6179pt x 354.123pt>
File: results_assets/algo4_projection_2.png Graphic file (type png)
<use results_assets/algo4_projection_2.png>
Package pdftex.def Info: results_assets/algo4_projection_2.png  used on input l
ine 234.
(pdftex.def)             Requested size: 520.3449pt x 216.6361pt.
<results_assets/algo5_projection_1.png, id=31, 844.1136pt x 354.123pt>
File: results_assets/algo5_projection_1.png Graphic file (type png)
<use results_assets/algo5_projection_1.png>
Package pdftex.def Info: results_assets/algo5_projection_1.png  used on input l
ine 236.
(pdftex.def)             Requested size: 520.3449pt x 218.30577pt.
<results_assets/algo5_projection_2.png, id=32, 849.8952pt x 354.123pt>
File: results_assets/algo5_projection_2.png Graphic file (type png)
<use results_assets/algo5_projection_2.png>
Package pdftex.def Info: results_assets/algo5_projection_2.png  used on input l
ine 238.
(pdftex.def)             Requested size: 520.3449pt x 216.8144pt.
[2] [3 <./results_assets/algorithm1_digits.png> <./results_assets/algo2_digits.
png>] [4 <./results_assets/algo3_digits.png> <./results_assets/algo4_digits.png
> <./results_assets/algo5_digits.png>] [5 <./results_assets/algorithm1_projecti
on_1.png> <./results_assets/algorithm1_projection_2.png>] [6 <./results_assets/
algo2_projection_1.png> <./results_assets/algo2_projection_2.png>] [7 <./result
s_assets/algo3_projection_1.png> <./results_assets/algo3_projection_2.png>]
[8 <./results_assets/algo4_projection_1.png> <./results_assets/algo4_projection
_2.png>] [9 <./results_assets/algo5_projection_1.png> <./results_assets/algo5_p
rojection_2.png>]
<formulations.pdf, id=77, page=3, 614.295pt x 794.97pt>
File: formulations.pdf Graphic file (type pdf)
<use formulations.pdf, page 3>
Package pdftex.def Info: formulations.pdf , page3 used on input line 251.
(pdftex.def)             Requested size: 509.93576pt x 659.92198pt.

c:/Users/mateo/Desktop/polymath/joint training experiments/algorithms/results.t
ex:279: Extra alignment tab has been changed to \cr.
<recently read> \endtemplate 
                             
l.279 ...tarrow{D_\psi,\ \mu_\phi}&\widetilde z^-&
                                                  \\[2mm]
You have given more \span or & marks than there were
in the preamble to the \halign or \valign now in progress.
So I'll assume that you meant to type \cr instead.

[10] [11 <./formulations.pdf>] [12] (results.aux)
 ***********
LaTeX2e <2025-11-01>
L3 programming layer <2025-12-24>
 ***********
 ) 
Here is how much of TeX's memory you used:
 3256 strings out of 467871
 51249 string characters out of 5418376
 472923 words of memory out of 5000000
 32114 multiletter control sequences out of 15000+600000
 637633 words of font info for 80 fonts, out of 8000000 for 9000
 1141 hyphenation exceptions out of 8191
 57i,18n,65p,373b,300s stack positions out of 10000i,1000n,20000p,200000b,200000s
<C:/Users/mateo/AppData/Local/Programs/MiKTeX/fonts/type1/public/amsfonts/cm/
cmbx10.pfb><C:/Users/mateo/AppData/Local/Programs/MiKTeX/fonts/type1/public/ams
fonts/cm/cmbx12.pfb><C:/Users/mateo/AppData/Local/Programs/MiKTeX/fonts/type1/p
ublic/amsfonts/cm/cmex10.pfb><C:/Users/mateo/AppData/Local/Programs/MiKTeX/font
s/type1/public/amsfonts/cmextra/cmex7.pfb><C:/Users/mateo/AppData/Local/Program
s/MiKTeX/fonts/type1/public/amsfonts/cm/cmmi10.pfb><C:/Users/mateo/AppData/Loca
l/Programs/MiKTeX/fonts/type1/public/amsfonts/cm/cmmi5.pfb><C:/Users/mateo/AppD
ata/Local/Programs/MiKTeX/fonts/type1/public/amsfonts/cm/cmmi7.pfb><C:/Users/ma
teo/AppData/Local/Programs/MiKTeX/fonts/type1/public/amsfonts/cm/cmr10.pfb><C:/
Users/mateo/AppData/Local/Programs/MiKTeX/fonts/type1/public/amsfonts/cm/cmr17.
pfb><C:/Users/mateo/AppData/Local/Programs/MiKTeX/fonts/type1/public/amsfonts/c
m/cmr5.pfb><C:/Users/mateo/AppData/Local/Programs/MiKTeX/fonts/type1/public/ams
fonts/cm/cmr7.pfb><C:/Users/mateo/AppData/Local/Programs/MiKTeX/fonts/type1/pub
lic/amsfonts/cm/cmr8.pfb><C:/Users/mateo/AppData/Local/Programs/MiKTeX/fonts/ty
pe1/public/amsfonts/cm/cmr9.pfb><C:/Users/mateo/AppData/Local/Programs/MiKTeX/f
onts/type1/public/amsfonts/cm/cmsy10.pfb><C:/Users/mateo/AppData/Local/Programs
/MiKTeX/fonts/type1/public/amsfonts/cm/cmsy5.pfb><C:/Users/mateo/AppData/Local/
Programs/MiKTeX/fonts/type1/public/amsfonts/cm/cmsy7.pfb><C:/Users/mateo/AppDat
a/Local/Programs/MiKTeX/fonts/type1/public/amsfonts/cm/cmsy9.pfb><C:/Users/mate
o/AppData/Local/Programs/MiKTeX/fonts/type1/public/amsfonts/cm/cmti7.pfb><C:/Us
ers/mateo/AppData/Local/Programs/MiKTeX/fonts/type1/public/amsfonts/cm/cmtt10.p
fb>
Output written on results.pdf (12 pages, 1614656 bytes).
PDF statistics:
 235 PDF objects out of 1000 (max. 8388607)
 0 named destinations out of 1000 (max. 500000)
 81 words of extra memory for PDF output out of 10000 (max. 10000000)

